======================================================================
ARIMA/SARIMA MULTI-HORIZON EVALUATION
Horizons: [1, 6, 24]h | Window: 720h
RULE: Test set = REAL data only
======================================================================

[1/5] Preparing Hybrid dataset...
2026-04-04 19:49:47.486 | DEBUG    | src.utils.path_validator:validate_path:33 - Path validated: /Users/trihx/Desktop/time-series-forecasting/dataset/raw/final_dataset.csv
2026-04-04 19:49:47.486 | INFO     | src.data.loader:load_raw_data:46 - Loading data from final_dataset.csv
2026-04-04 19:49:47.597 | WARNING  | src.data.loader:load_raw_data:60 - Dropped 3 rows with missing datetime (NaT)
2026-04-04 19:49:47.612 | INFO     | src.data.loader:load_raw_data:67 - Loaded: 209,591 rows, 6 cols | Date range: 2022-03-16 15:51:31 → 2025-05-11 15:02:32
2026-04-04 19:49:47.613 | DEBUG    | src.data.loader:load_raw_data:71 - Memory: 10.1 MB | Dtypes: {'nhiet_do': dtype('float64'), 'do_am': dtype('float64'), 'diem_suong': dtype('float64'), 'co2': dtype('float64'), 'pm25': dtype('float64'), 'ngay_tao': dtype('<M8[us]')}
2026-04-04 19:49:47.628 | INFO     | src.data.cleaner:_remove_duplicates:104 - [1/7] No exact duplicates found
2026-04-04 19:49:47.631 | INFO     | src.data.cleaner:_set_datetime_index:119 - [2/7] Datetime index set: 2022-03-16 15:51:31 → 2025-05-11 15:02:32
2026-04-04 19:49:47.633 | INFO     | src.data.cleaner:_clip_physical_bounds:140 - [3/7] All values within physical bounds
2026-04-04 19:49:47.636 | DEBUG    | src.data.cleaner:_handle_outliers:182 -   nhiet_do: 2 outliers → NaN (range: [15.0, 43.0])
2026-04-04 19:49:47.641 | DEBUG    | src.data.cleaner:_handle_outliers:182 -   diem_suong: 13989 outliers → NaN (range: [22.0, 29.0])
2026-04-04 19:49:47.644 | DEBUG    | src.data.cleaner:_handle_outliers:182 -   co2: 7437 outliers → NaN (range: [-616.0, 1386.0])
2026-04-04 19:49:47.647 | DEBUG    | src.data.cleaner:_handle_outliers:182 -   pm25: 1908 outliers → NaN (range: [-30.0, 54.0])
2026-04-04 19:49:47.647 | INFO     | src.data.cleaner:_handle_outliers:186 - [4/7] Replaced 23336 outliers with NaN (method=iqr, threshold=3.0)
2026-04-04 19:49:47.655 | INFO     | src.data.cleaner:_resample:198 - [5/7] Resampled: 209,591 → 27,649 rows (freq=1h)
  [Imputer] Strategy: hybrid
  [Imputer] Input: 27,649 rows, 20,478 missing PM2.5
    [D-Hybrid] Phase 1: Cubic Spline for gaps ≤6h
    [D-Hybrid]   After Spline: 20,397 NaN remaining
    [D-Hybrid] Phase 2: KNN for 47 medium gaps (586h)
      [KNN] Positions to fill: 586
      [KNN] Filled 586 values via KNN
    [D-Hybrid] Phase 3: Dropping 19,811 rows with gaps >24h
  [Imputer] Output: 7,742 rows (7,101 real + 641 imputed)
  [Imputer] Dropped 19,811 rows with unfillable gaps
  [Imputer] Imputed ratio: 8.3%
2026-04-04 19:49:58.873 | INFO     | src.data.imputer:impute_missing_data:108 - Imputation [hybrid]: 7,742 rows (7,101 real + 641 imputed, 19,811 dropped)
  PM2.5 series: 7,742 rows

[2/5] Finding best ARIMA/SARIMA orders...
  Auto-ARIMA on 2000 samples...
  ARIMA order: (2, 1, 1) (AIC=11147.6) [3.1s]
  Auto-SARIMA (s=24) on 1000 samples...
  SARIMA order: (1, 0, 0)×(2, 1, 0, 24) (AIC=5114.6) [64.4s]

══════════════════════════════════════════════════════════════════════
[3/5] HORIZON = 1h
══════════════════════════════════════════════════════════════════════

  Test points (real only): 604/775
  Evaluating Persistence baseline (1h)...
    Persistence 1h: MAE=2.506, RMSE=4.026

  ARIMA(2, 1, 1) rolling forecast (1h)...
    [1/604] 0s elapsed
    [50/604] 2s elapsed
    [100/604] 4s elapsed
    [150/604] 7s elapsed
    [200/604] 10s elapsed
    [250/604] 13s elapsed
    [300/604] 15s elapsed
    [350/604] 18s elapsed
    [400/604] 21s elapsed
    [450/604] 23s elapsed
    [500/604] 25s elapsed
    [550/604] 29s elapsed
    [600/604] 33s elapsed
    ✅ ARIMA 1h: MAE=2.564, MASE=1.023 (34s, 604 points)

  SARIMA(1, 0, 0)×(2, 1, 0, 24) rolling forecast (1h)...
    (evaluating every 6th point for speed)
    [1/101] 1s elapsed, ETA ~131s
    [20/101] 27s elapsed, ETA ~108s
    [40/101] 54s elapsed, ETA ~82s
    [60/101] 81s elapsed, ETA ~55s
    [80/101] 108s elapsed, ETA ~28s
    [100/101] 136s elapsed, ETA ~1s
    ✅ SARIMA 1h: MAE=3.214, MASE=1.283 (137s, 101 points)

══════════════════════════════════════════════════════════════════════
[3/5] HORIZON = 6h
══════════════════════════════════════════════════════════════════════

  Test points (real only): 599/775
  Evaluating Persistence baseline (6h)...
    Persistence 6h: MAE=6.829, RMSE=9.174

  ARIMA(2, 1, 1) rolling forecast (6h)...
    [1/599] 0s elapsed
    [50/599] 2s elapsed
    [100/599] 4s elapsed
    [150/599] 7s elapsed
    [200/599] 9s elapsed
    [250/599] 12s elapsed
    [300/599] 15s elapsed
    [350/599] 18s elapsed
    [400/599] 20s elapsed
    [450/599] 23s elapsed
    [500/599] 25s elapsed
    [550/599] 29s elapsed
    ✅ ARIMA 6h: MAE=5.843, MASE=0.856 (33s, 599 points)

  SARIMA(1, 0, 0)×(2, 1, 0, 24) rolling forecast (6h)...
    (evaluating every 6th point for speed)
    [1/100] 1s elapsed, ETA ~131s
    [20/100] 27s elapsed, ETA ~109s
    [40/100] 55s elapsed, ETA ~82s
    [60/100] 82s elapsed, ETA ~55s
    [80/100] 110s elapsed, ETA ~27s
    [100/100] 137s elapsed, ETA ~0s
    ✅ SARIMA 6h: MAE=5.207, MASE=0.762 (137s, 100 points)

══════════════════════════════════════════════════════════════════════
[3/5] HORIZON = 24h
══════════════════════════════════════════════════════════════════════

  Test points (real only): 581/775
  Evaluating Persistence baseline (24h)...
    Persistence 24h: MAE=6.128, RMSE=8.620

  ARIMA(2, 1, 1) rolling forecast (24h)...
    [1/581] 0s elapsed
    [50/581] 2s elapsed
    [100/581] 4s elapsed
    [150/581] 7s elapsed
    [200/581] 10s elapsed
    [250/581] 12s elapsed
    [300/581] 15s elapsed
    [350/581] 18s elapsed
    [400/581] 21s elapsed
    [450/581] 23s elapsed
    [500/581] 25s elapsed
    [550/581] 29s elapsed
    ✅ ARIMA 24h: MAE=5.598, MASE=0.913 (31s, 581 points)

  SARIMA(1, 0, 0)×(2, 1, 0, 24) rolling forecast (24h)...
    (evaluating every 6th point for speed)
    [1/97] 1s elapsed, ETA ~122s
    [20/97] 27s elapsed, ETA ~103s
    [40/97] 54s elapsed, ETA ~77s
    [60/97] 81s elapsed, ETA ~50s
    [80/97] 109s elapsed, ETA ~23s
    ✅ SARIMA 24h: MAE=4.981, MASE=0.813 (132s, 97 points)

══════════════════════════════════════════════════════════════════════
[4/5] ARIMA/SARIMA MULTI-HORIZON SUMMARY
══════════════════════════════════════════════════════════════════════

Horizon    Model                          MAE     RMSE     MASE       Status
────────────────────────────────────────────────────────────────────────────────
1h        Persistence                  2.506    4.026    1.000     baseline
1h        ARIMA                        2.564    3.925    1.023     ❌ MASE>1
1h        SARIMA                       3.214    4.682    1.283     ❌ MASE>1
1h        LightGBM_tuned (ref)         2.419        —    1.012     ❌ MASE>1
────────────────────────────────────────────────────────────────────────────────
6h        Persistence                  6.829    9.175    1.000     baseline
6h        ARIMA                        5.843    7.685    0.856     ✅ BEATS!
6h        SARIMA                       5.207    6.908    0.762     ✅ BEATS!
6h        LightGBM_tuned (ref)         5.071        —    0.730     ✅ BEATS!
────────────────────────────────────────────────────────────────────────────────
24h        Persistence                  6.128    8.620    1.000     baseline
24h        ARIMA                        5.598    7.325    0.913     ✅ BEATS!
24h        SARIMA                       4.981    6.510    0.813     ✅ BEATS!
24h        LightGBM_tuned (ref)         5.160        —    0.812     ✅ BEATS!
────────────────────────────────────────────────────────────────────────────────

[5/5] Saving results...
  Results saved: /Users/trihx/Desktop/time-series-forecasting/research/experiments/arima/arima_multi_horizon_20260404_195931.json

══════════════════════════════════════════════════════════════════════
COMPLETE — Total: 584s (9.7 min)
══════════════════════════════════════════════════════════════════════
