======================================================================
ENSEMBLE STACKING — LightGBM + GRU
Horizons: [1, 6, 24]h | Meta-learner: Ridge Regression
Device: (lazy — set when GRU starts)
RULE: Test set = REAL data only
======================================================================

[1/4] Preparing data...
2026-04-04 20:55:49.571 | DEBUG    | src.utils.path_validator:validate_path:33 - Path validated: /Users/trihx/Desktop/time-series-forecasting/dataset/raw/final_dataset.csv
2026-04-04 20:55:49.571 | INFO     | src.data.loader:load_raw_data:46 - Loading data from final_dataset.csv
2026-04-04 20:55:49.688 | WARNING  | src.data.loader:load_raw_data:60 - Dropped 3 rows with missing datetime (NaT)
2026-04-04 20:55:49.704 | INFO     | src.data.loader:load_raw_data:67 - Loaded: 209,591 rows, 6 cols | Date range: 2022-03-16 15:51:31 → 2025-05-11 15:02:32
2026-04-04 20:55:49.705 | DEBUG    | src.data.loader:load_raw_data:71 - Memory: 10.1 MB | Dtypes: {'nhiet_do': dtype('float64'), 'do_am': dtype('float64'), 'diem_suong': dtype('float64'), 'co2': dtype('float64'), 'pm25': dtype('float64'), 'ngay_tao': dtype('<M8[us]')}
2026-04-04 20:55:49.727 | INFO     | src.data.cleaner:_remove_duplicates:104 - [1/7] No exact duplicates found
2026-04-04 20:55:49.730 | INFO     | src.data.cleaner:_set_datetime_index:119 - [2/7] Datetime index set: 2022-03-16 15:51:31 → 2025-05-11 15:02:32
2026-04-04 20:55:49.732 | INFO     | src.data.cleaner:_clip_physical_bounds:140 - [3/7] All values within physical bounds
2026-04-04 20:55:49.736 | DEBUG    | src.data.cleaner:_handle_outliers:182 -   nhiet_do: 2 outliers → NaN (range: [15.0, 43.0])
2026-04-04 20:55:49.742 | DEBUG    | src.data.cleaner:_handle_outliers:182 -   diem_suong: 13989 outliers → NaN (range: [22.0, 29.0])
2026-04-04 20:55:49.746 | DEBUG    | src.data.cleaner:_handle_outliers:182 -   co2: 7437 outliers → NaN (range: [-616.0, 1386.0])
2026-04-04 20:55:49.750 | DEBUG    | src.data.cleaner:_handle_outliers:182 -   pm25: 1908 outliers → NaN (range: [-30.0, 54.0])
2026-04-04 20:55:49.750 | INFO     | src.data.cleaner:_handle_outliers:186 - [4/7] Replaced 23336 outliers with NaN (method=iqr, threshold=3.0)
2026-04-04 20:55:49.761 | INFO     | src.data.cleaner:_resample:198 - [5/7] Resampled: 209,591 → 27,649 rows (freq=1h)
  [Imputer] Strategy: hybrid
  [Imputer] Input: 27,649 rows, 20,478 missing PM2.5
    [D-Hybrid] Phase 1: Cubic Spline for gaps ≤6h
    [D-Hybrid]   After Spline: 20,397 NaN remaining
    [D-Hybrid] Phase 2: KNN for 47 medium gaps (586h)
      [KNN] Positions to fill: 586
      [KNN] Filled 586 values via KNN
    [D-Hybrid] Phase 3: Dropping 19,811 rows with gaps >24h
  [Imputer] Output: 7,742 rows (7,101 real + 641 imputed)
  [Imputer] Dropped 19,811 rows with unfillable gaps
  [Imputer] Imputed ratio: 8.3%
2026-04-04 20:56:01.197 | INFO     | src.data.imputer:impute_missing_data:108 - Imputation [hybrid]: 7,742 rows (7,101 real + 641 imputed, 19,811 dropped)
  Building engineered features for LightGBM...
2026-04-04 20:56:01.198 | INFO     | src.features.builder:build_features:58 - ============================================================
2026-04-04 20:56:01.198 | INFO     | src.features.builder:build_features:59 - Feature Engineering Pipeline Started
2026-04-04 20:56:01.198 | INFO     | src.features.builder:build_features:60 - ============================================================
2026-04-04 20:56:01.204 | INFO     | src.features.calendar:create_calendar_features:51 - Created 13 calendar features
2026-04-04 20:56:01.208 | INFO     | src.features.temporal:create_lag_features:51 - Created 40 lag features (lags=[1, 2, 3, 6, 12, 24, 48, 168])
2026-04-04 20:56:01.215 | INFO     | src.features.temporal:create_rolling_features:103 - Created 24 rolling features (windows=[3, 6, 12, 24, 48, 168], funcs=['mean', 'std', 'min', 'max'])
2026-04-04 20:56:01.218 | INFO     | src.features.temporal:create_ewm_features:136 - Created 6 EWM features (spans=[12, 24, 48])
2026-04-04 20:56:01.221 | INFO     | src.features.temporal:create_diff_features:172 - Created 4 diff/pct_change features (shift(1) anti-leakage)
2026-04-04 20:56:01.224 | INFO     | src.features.builder:_create_domain_features:145 - Created domain features (anti-leakage: using pm25_lag_1h for ratio/aqi)
2026-04-04 20:56:01.226 | INFO     | src.features.builder:build_features:98 - Dropped 168 warmup rows with NaN
2026-04-04 20:56:01.226 | INFO     | src.features.builder:build_features:103 - ============================================================
2026-04-04 20:56:01.226 | INFO     | src.features.builder:build_features:104 - Feature Engineering Complete: 5 → 95 columns, 7,742 → 7,574 rows
2026-04-04 20:56:01.226 | INFO     | src.features.builder:build_features:107 - ============================================================
  LightGBM data: 7574 rows × 95 cols
  GRU data: 7742 rows × 5 features

══════════════════════════════════════════════════════════════════════
[2/4] HORIZON = 1h
══════════════════════════════════════════════════════════════════════

  [A] Training LightGBM (1h)...
    LightGBM 1h: MAE=3.912, MASE=1.569 (2s)
    Test: 758 total, 600 real

  [B] Training GRU (1h)...
    PyTorch initialized: device=mps
    Datasets: train=6121, val=774, test=604
      Epoch   1 | Train=0.4848 Val=0.1322 p=0/10
      Epoch  10 | Train=0.2111 Val=0.0920 p=2/10
      Epoch  20 | Train=0.1943 Val=0.0915 p=3/10
      Early stop epoch 27 (best=0.0832)
    GRU 1h: MAE=2.723, MASE=1.092 (persist_ref=2.493) (150s)

  [C] Building Ensemble (1h)...
    Common test points: 600
    Stack 1h: MAE=3.099, MASE=1.354
    Weights: LightGBM=1.066, GRU=-0.076
    Weighted 1h: MAE=3.912, MASE=1.569 (w_lgbm=1.00)

══════════════════════════════════════════════════════════════════════
[2/4] HORIZON = 6h
══════════════════════════════════════════════════════════════════════

  [A] Training LightGBM (6h)...
    LightGBM 6h: MAE=4.936, MASE=0.729 (2s)
    Test: 757 total, 595 real

  [B] Training GRU (6h)...
    PyTorch initialized: device=mps
    Datasets: train=6116, val=774, test=604
      Epoch   1 | Train=0.6952 Val=0.3199 p=0/10
      Epoch  10 | Train=0.4151 Val=0.2040 p=3/10
      Epoch  20 | Train=0.3054 Val=0.1660 p=9/10
      Early stop epoch 21 (best=0.1566)
    GRU 6h: MAE=4.729, MASE=0.698 (persist_ref=6.773) (114s)

  [C] Building Ensemble (6h)...
    Common test points: 595
    Stack 6h: MAE=4.787, MASE=0.809
    Weights: LightGBM=0.715, GRU=-0.083
    Weighted 6h: MAE=4.873, MASE=0.720 (w_lgbm=0.75)

══════════════════════════════════════════════════════════════════════
[2/4] HORIZON = 24h
══════════════════════════════════════════════════════════════════════

  [A] Training LightGBM (24h)...
    LightGBM 24h: MAE=6.144, MASE=0.998 (2s)
    Test: 755 total, 585 real

  [B] Training GRU (24h)...
    PyTorch initialized: device=mps
    Datasets: train=6098, val=774, test=604
      Epoch   1 | Train=0.6702 Val=0.2373 p=0/10
      Epoch  10 | Train=0.4805 Val=0.1958 p=8/10
      Early stop epoch 12 (best=0.1666)
    GRU 24h: MAE=4.492, MASE=0.730 (persist_ref=6.153) (65s)

  [C] Building Ensemble (24h)...
    Common test points: 585
    Stack 24h: MAE=4.367, MASE=0.784
    Weights: LightGBM=0.501, GRU=-0.054
    Weighted 24h: MAE=4.932, MASE=0.801 (w_lgbm=0.10)

══════════════════════════════════════════════════════════════════════
[3/4] ENSEMBLE RESULTS SUMMARY
══════════════════════════════════════════════════════════════════════

Hz     Model                          MAE     MASE    vs Best
─────────────────────────────────────────────────────────────────
1h     Persistence                  2.493    1.000   baseline
1h     LightGBM                     3.912    1.569           
1h     GRU                          2.723    1.092           
1h     ⭐ Ensemble (Stack)           3.099    1.354   ❌ +24.0%
1h     ⭐ Ensemble (Weighted)        3.912    1.569   ❌ +43.7%
─────────────────────────────────────────────────────────────────
6h     Persistence                  6.773    1.000   baseline
6h     LightGBM                     4.936    0.729           
6h     GRU                          4.729    0.698           
6h     ⭐ Ensemble (Stack)           4.787    0.809   ❌ +15.9%
6h     ⭐ Ensemble (Weighted)        4.873    0.720    ❌ +3.1%
─────────────────────────────────────────────────────────────────
24h    Persistence                  6.153    1.000   baseline
24h    LightGBM                     6.144    0.998           
24h    GRU                          4.492    0.730           
24h    ⭐ Ensemble (Stack)           4.367    0.784    ❌ +7.4%
24h    ⭐ Ensemble (Weighted)        4.932    0.801    ❌ +9.8%
─────────────────────────────────────────────────────────────────

[4/4] Saving results...
  Results saved: /Users/trihx/Desktop/time-series-forecasting/research/experiments/ensemble/ensemble_20260404_210135.json

══════════════════════════════════════════════════════════════════════
COMPLETE — Total: 346s (5.8 min)
══════════════════════════════════════════════════════════════════════
