============================================================
  EXPORT TFT PREDICTIONS FOR AVP DASHBOARD
  Horizons: [1, 6, 24]
============================================================

[1/3] Building TFT components...

[2/3] Preparing data...
2026-04-29 14:58:00.697 | DEBUG    | src.utils.path_validator:validate_path:33 - Path validated: /Users/trihx/Desktop/time-series-forecasting/dataset/raw/final_dataset.csv
2026-04-29 14:58:00.697 | INFO     | src.data.loader:load_raw_data:46 - Loading data from final_dataset.csv
2026-04-29 14:58:00.819 | WARNING  | src.data.loader:load_raw_data:60 - Dropped 3 rows with missing datetime (NaT)
2026-04-29 14:58:00.835 | INFO     | src.data.loader:load_raw_data:67 - Loaded: 209,591 rows, 6 cols | Date range: 2022-03-16 15:51:31 → 2025-05-11 15:02:32
2026-04-29 14:58:00.836 | DEBUG    | src.data.loader:load_raw_data:71 - Memory: 10.1 MB | Dtypes: {'nhiet_do': dtype('float64'), 'do_am': dtype('float64'), 'diem_suong': dtype('float64'), 'co2': dtype('float64'), 'pm25': dtype('float64'), 'ngay_tao': dtype('<M8[us]')}
2026-04-29 14:58:00.852 | INFO     | src.data.cleaner:_remove_duplicates:104 - [1/7] No exact duplicates found
2026-04-29 14:58:00.855 | INFO     | src.data.cleaner:_set_datetime_index:119 - [2/7] Datetime index set: 2022-03-16 15:51:31 → 2025-05-11 15:02:32
2026-04-29 14:58:00.858 | INFO     | src.data.cleaner:_clip_physical_bounds:140 - [3/7] All values within physical bounds
2026-04-29 14:58:00.861 | DEBUG    | src.data.cleaner:_handle_outliers:204 -   nhiet_do: 2 outliers → NaN (range: [15.0, 43.0])
2026-04-29 14:58:00.866 | DEBUG    | src.data.cleaner:_handle_outliers:204 -   diem_suong: 13989 outliers → NaN (range: [22.0, 29.0])
2026-04-29 14:58:00.870 | DEBUG    | src.data.cleaner:_handle_outliers:204 -   co2: 7437 outliers → NaN (range: [-616.0, 1386.0])
2026-04-29 14:58:00.870 | DEBUG    | src.data.cleaner:_handle_outliers:185 -   pm25: using DOMAIN bounds [0.0, 500.0] (fat-tailed, WHO AQI)
2026-04-29 14:58:00.871 | INFO     | src.data.cleaner:_handle_outliers:208 - [4/7] Replaced 21428 outliers with NaN (method=iqr, threshold=3.0, PM2.5=domain)
2026-04-29 14:58:00.878 | INFO     | src.data.cleaner:_resample:221 - [5/7] Resampled: 209,591 → 27,649 rows (freq=1h)
  [Imputer] Strategy: hybrid
  [Imputer] Input: 27,649 rows, 20,466 missing PM2.5
    [D-Hybrid] Phase 1: Cubic Spline for gaps ≤6h
    [D-Hybrid]   After Spline: 20,396 NaN remaining
    [D-Hybrid] Phase 2: KNN for 47 medium gaps (586h)
      [KNN] Positions to fill: 586
      [KNN] Filled 586 values via KNN
    [D-Hybrid] Phase 3: Dropping 19,810 rows with gaps >24h
  [Imputer] Output: 7,743 rows (7,112 real + 631 imputed)
  [Imputer] Dropped 19,810 rows with unfillable gaps
  [Imputer] Imputed ratio: 8.1%
2026-04-29 14:58:15.780 | INFO     | src.data.imputer:impute_missing_data:109 - Imputation [hybrid]: 7,743 rows (7,112 real + 631 imputed, 19,810 dropped)
  Data: 7743 rows

[3/3] Training + exporting predictions...

============================================================
  TFT Export: Horizon 1h | Device: mps
============================================================
  Train=6122, Val=774, Test=604 (real only)
  TFT Parameters: 25,089
    Epoch   1/100 train=0.5297 val=0.3890 lr=1.0e-03 patience=0/15
    Early stop epoch 16 (best val=0.3890)
  TFT 1h: MAE=4.076 | RMSE=5.008 | n=604 (19s)
  Aligned: 592/604 predictions mapped
  ✅ Saved: /Users/trihx/Desktop/time-series-forecasting/research/cache/tft_preds_1h.json

============================================================
  TFT Export: Horizon 6h | Device: mps
============================================================
  Train=6117, Val=774, Test=604 (real only)
  TFT Parameters: 25,089
    Epoch   1/100 train=0.7623 val=0.3941 lr=1.0e-03 patience=0/15
    Epoch  20/100 train=0.3198 val=0.3365 lr=1.0e-03 patience=4/15
    Early stop epoch 31 (best val=0.2801)
  TFT 6h: MAE=5.446 | RMSE=7.086 | n=604 (32s)
  Aligned: 538/601 predictions mapped
  ✅ Saved: /Users/trihx/Desktop/time-series-forecasting/research/cache/tft_preds_6h.json

============================================================
  TFT Export: Horizon 24h | Device: mps
============================================================
  Train=6099, Val=774, Test=604 (real only)
  TFT Parameters: 25,089
    Epoch   1/100 train=0.8371 val=0.2764 lr=1.0e-03 patience=0/15
    Epoch  20/100 train=0.3797 val=0.2534 lr=2.5e-04 patience=11/15
    Early stop epoch 24 (best val=0.2510)
  TFT 24h: MAE=5.421 | RMSE=7.264 | n=604 (24s)
  Aligned: 531/601 predictions mapped
  ✅ Saved: /Users/trihx/Desktop/time-series-forecasting/research/cache/tft_preds_24h.json

============================================================
  All done in 92s (1.5 min)
  Files saved in: /Users/trihx/Desktop/time-series-forecasting/research/cache
    ✅ tft_preds_1h.json (12 KB)
    ✅ tft_preds_6h.json (11 KB)
    ✅ tft_preds_24h.json (11 KB)
============================================================
