============================================================
  EXPORT ARIMA + SARIMA PREDICTIONS FOR AVP DASHBOARD
  Horizons: [1, 6, 24]
  SARIMA eval_step=1 (full coverage, SLOW)
============================================================

[1/4] Preparing data...
2026-04-29 14:59:50.636 | DEBUG    | src.utils.path_validator:validate_path:33 - Path validated: /Users/trihx/Desktop/time-series-forecasting/dataset/raw/final_dataset.csv
2026-04-29 14:59:50.637 | INFO     | src.data.loader:load_raw_data:46 - Loading data from final_dataset.csv
2026-04-29 14:59:50.751 | WARNING  | src.data.loader:load_raw_data:60 - Dropped 3 rows with missing datetime (NaT)
2026-04-29 14:59:50.767 | INFO     | src.data.loader:load_raw_data:67 - Loaded: 209,591 rows, 6 cols | Date range: 2022-03-16 15:51:31 → 2025-05-11 15:02:32
2026-04-29 14:59:50.768 | DEBUG    | src.data.loader:load_raw_data:71 - Memory: 10.1 MB | Dtypes: {'nhiet_do': dtype('float64'), 'do_am': dtype('float64'), 'diem_suong': dtype('float64'), 'co2': dtype('float64'), 'pm25': dtype('float64'), 'ngay_tao': dtype('<M8[us]')}
2026-04-29 14:59:50.784 | INFO     | src.data.cleaner:_remove_duplicates:104 - [1/7] No exact duplicates found
2026-04-29 14:59:50.787 | INFO     | src.data.cleaner:_set_datetime_index:119 - [2/7] Datetime index set: 2022-03-16 15:51:31 → 2025-05-11 15:02:32
2026-04-29 14:59:50.789 | INFO     | src.data.cleaner:_clip_physical_bounds:140 - [3/7] All values within physical bounds
2026-04-29 14:59:50.791 | DEBUG    | src.data.cleaner:_handle_outliers:204 -   nhiet_do: 2 outliers → NaN (range: [15.0, 43.0])
2026-04-29 14:59:50.797 | DEBUG    | src.data.cleaner:_handle_outliers:204 -   diem_suong: 13989 outliers → NaN (range: [22.0, 29.0])
2026-04-29 14:59:50.800 | DEBUG    | src.data.cleaner:_handle_outliers:204 -   co2: 7437 outliers → NaN (range: [-616.0, 1386.0])
2026-04-29 14:59:50.800 | DEBUG    | src.data.cleaner:_handle_outliers:185 -   pm25: using DOMAIN bounds [0.0, 500.0] (fat-tailed, WHO AQI)
2026-04-29 14:59:50.801 | INFO     | src.data.cleaner:_handle_outliers:208 - [4/7] Replaced 21428 outliers with NaN (method=iqr, threshold=3.0, PM2.5=domain)
2026-04-29 14:59:50.809 | INFO     | src.data.cleaner:_resample:221 - [5/7] Resampled: 209,591 → 27,649 rows (freq=1h)
  [Imputer] Strategy: hybrid
  [Imputer] Input: 27,649 rows, 20,466 missing PM2.5
    [D-Hybrid] Phase 1: Cubic Spline for gaps ≤6h
    [D-Hybrid]   After Spline: 20,396 NaN remaining
    [D-Hybrid] Phase 2: KNN for 47 medium gaps (586h)
      [KNN] Positions to fill: 586
      [KNN] Filled 586 values via KNN
    [D-Hybrid] Phase 3: Dropping 19,810 rows with gaps >24h
  [Imputer] Output: 7,743 rows (7,112 real + 631 imputed)
  [Imputer] Dropped 19,810 rows with unfillable gaps
  [Imputer] Imputed ratio: 8.1%
2026-04-29 15:00:02.745 | INFO     | src.data.imputer:impute_missing_data:109 - Imputation [hybrid]: 7,743 rows (7,112 real + 631 imputed, 19,810 dropped)
  Data: 7743 rows

[2/4] Auto-detecting ARIMA/SARIMA orders...
  Auto-ARIMA on 2000 samples...
  ARIMA order: (1, 1, 2) (AIC=11718.6) [3.2s]
  Auto-SARIMA (s=24) on 1000 samples...
  SARIMA order: (1, 0, 0)×(2, 1, 0, 24) (AIC=5267.3) [66.6s]

[3/4] Exporting ARIMA predictions...

============================================================
  ARIMA Export: Horizon 1h (eval_step=1)
============================================================
  Test points (real only): 604
    [1/604] 0s elapsed, ETA ~42s
    [100/604] 5s elapsed, ETA ~27s
    [200/604] 11s elapsed, ETA ~23s
    [300/604] 18s elapsed, ETA ~18s
    [400/604] 23s elapsed, ETA ~12s
    [500/604] 30s elapsed, ETA ~6s
    [600/604] 38s elapsed, ETA ~0s
  ✅ ARIMA 1h: MAE=2.868 | RMSE=4.231 | n=604/604 (39s)
  ✅ Saved: /Users/trihx/Desktop/time-series-forecasting/research/cache/arima_preds_1h.json

============================================================
  ARIMA Export: Horizon 6h (eval_step=1)
============================================================
  Test points (real only): 601
    [1/601] 0s elapsed, ETA ~32s
    [100/601] 5s elapsed, ETA ~25s
    [200/601] 11s elapsed, ETA ~22s
    [300/601] 17s elapsed, ETA ~17s
    [400/601] 22s elapsed, ETA ~11s
    [500/601] 28s elapsed, ETA ~6s
    [600/601] 36s elapsed, ETA ~0s
  ✅ ARIMA 6h: MAE=5.351 | RMSE=7.159 | n=601/601 (37s)
  ✅ Saved: /Users/trihx/Desktop/time-series-forecasting/research/cache/arima_preds_6h.json

============================================================
  ARIMA Export: Horizon 24h (eval_step=1)
============================================================
  Test points (real only): 601
    [1/601] 0s elapsed, ETA ~42s
    [100/601] 5s elapsed, ETA ~26s
    [200/601] 11s elapsed, ETA ~22s
    [300/601] 17s elapsed, ETA ~17s
    [400/601] 23s elapsed, ETA ~11s
    [500/601] 29s elapsed, ETA ~6s
    [600/601] 36s elapsed, ETA ~0s
  ✅ ARIMA 24h: MAE=5.229 | RMSE=6.868 | n=601/601 (36s)
  ✅ Saved: /Users/trihx/Desktop/time-series-forecasting/research/cache/arima_preds_24h.json

[4/4] Exporting SARIMA predictions (SLOW)...

============================================================
  SARIMA Export: Horizon 1h (eval_step=1, SLOW)
  Order: (1, 0, 0)×(2, 1, 0, 24)
============================================================
  Test points (real only): 604
  ⏳ This will take ~8-20 min
    [1/604] 1s elapsed, ETA ~684s
    [50/604] 72s elapsed, ETA ~799s
    [100/604] 144s elapsed, ETA ~726s
    [150/604] 216s elapsed, ETA ~655s
    [200/604] 290s elapsed, ETA ~586s
    [250/604] 361s elapsed, ETA ~511s
    [300/604] 431s elapsed, ETA ~437s
    [350/604] 502s elapsed, ETA ~364s
    [400/604] 571s elapsed, ETA ~291s
    [450/604] 641s elapsed, ETA ~219s
    [500/604] 712s elapsed, ETA ~148s
    [550/604] 795s elapsed, ETA ~78s
    [600/604] 863s elapsed, ETA ~6s
  ✅ SARIMA 1h: MAE=3.312 | RMSE=4.766 | n=604/604 (869s)
  ✅ Saved: /Users/trihx/Desktop/time-series-forecasting/research/cache/sarima_preds_1h.json

============================================================
  SARIMA Export: Horizon 6h (eval_step=1, SLOW)
  Order: (1, 0, 0)×(2, 1, 0, 24)
============================================================
  Test points (real only): 601
  ⏳ This will take ~8-20 min
    [1/601] 1s elapsed, ETA ~893s
    [50/601] 74s elapsed, ETA ~815s
    [100/601] 147s elapsed, ETA ~735s
    [150/601] 219s elapsed, ETA ~659s
    [200/601] 292s elapsed, ETA ~586s
    [250/601] 364s elapsed, ETA ~511s
    [300/601] 434s elapsed, ETA ~436s
    [350/601] 507s elapsed, ETA ~363s
    [400/601] 578s elapsed, ETA ~291s
    [450/601] 649s elapsed, ETA ~218s
    [500/601] 721s elapsed, ETA ~146s
    [550/601] 805s elapsed, ETA ~75s
    [600/601] 876s elapsed, ETA ~1s
  ✅ SARIMA 6h: MAE=5.570 | RMSE=7.760 | n=601/601 (878s)
  ✅ Saved: /Users/trihx/Desktop/time-series-forecasting/research/cache/sarima_preds_6h.json

============================================================
  SARIMA Export: Horizon 24h (eval_step=1, SLOW)
  Order: (1, 0, 0)×(2, 1, 0, 24)
============================================================
  Test points (real only): 601
  ⏳ This will take ~8-20 min
    [1/601] 1s elapsed, ETA ~695s
    [50/601] 75s elapsed, ETA ~824s
    [100/601] 148s elapsed, ETA ~742s
    [150/601] 222s elapsed, ETA ~666s
    [200/601] 296s elapsed, ETA ~594s
    [250/601] 368s elapsed, ETA ~517s
    [300/601] 439s elapsed, ETA ~440s
    [350/601] 509s elapsed, ETA ~365s
    [400/601] 580s elapsed, ETA ~291s
    [450/601] 649s elapsed, ETA ~218s
    [500/601] 718s elapsed, ETA ~145s
    [550/601] 799s elapsed, ETA ~74s
    [600/601] 874s elapsed, ETA ~1s
  ✅ SARIMA 24h: MAE=5.644 | RMSE=7.831 | n=601/601 (875s)
  ✅ Saved: /Users/trihx/Desktop/time-series-forecasting/research/cache/sarima_preds_24h.json

============================================================
  All done in 2818s (47.0 min)
  Files saved in: /Users/trihx/Desktop/time-series-forecasting/research/cache
    ✅ arima_preds_1h.json (11 KB)
    ✅ arima_preds_6h.json (12 KB)
    ✅ arima_preds_24h.json (12 KB)
    ✅ sarima_preds_1h.json (12 KB)
    ✅ sarima_preds_6h.json (11 KB)
    ✅ sarima_preds_24h.json (12 KB)
============================================================
