[v8] Preparing data (KNN past-only)...
[DATA] Loading raw data...
2026-05-02 07:54:12.886 | DEBUG    | src.utils.path_validator:validate_path:33 - Path validated: /Users/trihx/Desktop/time-series-forecasting/dataset/raw/final_dataset.csv
2026-05-02 07:54:12.886 | INFO     | src.data.loader:load_raw_data:46 - Loading data from final_dataset.csv
2026-05-02 07:54:13.027 | WARNING  | src.data.loader:load_raw_data:60 - Dropped 3 rows with missing datetime (NaT)
2026-05-02 07:54:13.042 | INFO     | src.data.loader:load_raw_data:67 - Loaded: 209,591 rows, 6 cols | Date range: 2022-03-16 15:51:31 → 2025-05-11 15:02:32
2026-05-02 07:54:13.043 | DEBUG    | src.data.loader:load_raw_data:71 - Memory: 10.1 MB | Dtypes: {'nhiet_do': dtype('float64'), 'do_am': dtype('float64'), 'diem_suong': dtype('float64'), 'co2': dtype('float64'), 'pm25': dtype('float64'), 'ngay_tao': dtype('<M8[us]')}
2026-05-02 07:54:13.061 | INFO     | src.data.cleaner:_remove_duplicates:104 - [1/7] No exact duplicates found
2026-05-02 07:54:13.064 | INFO     | src.data.cleaner:_set_datetime_index:119 - [2/7] Datetime index set: 2022-03-16 15:51:31 → 2025-05-11 15:02:32
2026-05-02 07:54:13.065 | INFO     | src.data.cleaner:_clip_physical_bounds:140 - [3/7] All values within physical bounds
2026-05-02 07:54:13.068 | DEBUG    | src.data.cleaner:_handle_outliers:204 -   nhiet_do: 2 outliers → NaN (range: [15.0, 43.0])
2026-05-02 07:54:13.075 | DEBUG    | src.data.cleaner:_handle_outliers:204 -   diem_suong: 13989 outliers → NaN (range: [22.0, 29.0])
2026-05-02 07:54:13.078 | DEBUG    | src.data.cleaner:_handle_outliers:204 -   co2: 7437 outliers → NaN (range: [-616.0, 1386.0])
2026-05-02 07:54:13.078 | DEBUG    | src.data.cleaner:_handle_outliers:185 -   pm25: using DOMAIN bounds [0.0, 500.0] (fat-tailed, WHO AQI)
2026-05-02 07:54:13.078 | INFO     | src.data.cleaner:_handle_outliers:208 - [4/7] Replaced 21428 outliers with NaN (method=iqr, threshold=3.0, PM2.5=domain)
2026-05-02 07:54:13.087 | INFO     | src.data.cleaner:_resample:221 - [5/7] Resampled: 209,591 → 27,649 rows (freq=1h)
  [Imputer] Strategy: hybrid
  [Imputer] Input: 27,649 rows, 20,466 missing PM2.5
    [D-Hybrid] Phase 1: Cubic Spline for gaps ≤6h
    [D-Hybrid]   After Spline: 20,396 NaN remaining
    [D-Hybrid] Phase 2: KNN for 47 medium gaps (586h)
      [KNN]   Gap at 2-16: skipped (only 2 past donors, need 5)
      [KNN] Filled 571 values via KNN (past-only, 1 gaps skipped)
    [D-Hybrid] Phase 3: Dropping 19,825 rows with gaps >24h
  [Imputer] Output: 7,743 rows (7,112 real + 631 imputed)
  [Imputer] Dropped 19,825 rows with unfillable gaps
  [Imputer] Imputed ratio: 8.1%
2026-05-02 07:54:13.460 | INFO     | src.data.imputer:impute_missing_data:110 - Imputation [hybrid]: 7,743 rows (7,112 real + 631 imputed, 19,825 dropped)
2026-05-02 07:54:13.461 | INFO     | src.features.builder:build_features:64 - ============================================================
2026-05-02 07:54:13.461 | INFO     | src.features.builder:build_features:65 - Feature Engineering Pipeline Started
2026-05-02 07:54:13.461 | INFO     | src.features.builder:build_features:66 - ============================================================
2026-05-02 07:54:13.466 | INFO     | src.features.calendar:create_calendar_features:51 - Created 13 calendar features
2026-05-02 07:54:13.469 | INFO     | src.features.fourier:create_fourier_features:63 - Created 12 Fourier features (order=3, daily=True, weekly=True)
2026-05-02 07:54:13.476 | INFO     | src.features.temporal:create_lag_features:51 - Created 40 lag features (lags=[1, 2, 3, 6, 12, 24, 48, 168])
2026-05-02 07:54:13.488 | INFO     | src.features.temporal:create_rolling_features:107 - Created 30 rolling features (windows=[3, 6, 12, 24, 48, 168], funcs=['mean', 'std', 'min', 'max', 'range'])
2026-05-02 07:54:13.492 | INFO     | src.features.temporal:create_ewm_features:140 - Created 6 EWM features (spans=[12, 24, 48])
2026-05-02 07:54:13.496 | INFO     | src.features.temporal:create_diff_features:176 - Created 4 diff/pct_change features (shift(1) anti-leakage)
2026-05-02 07:54:13.501 | INFO     | src.features.builder:_create_domain_features:180 - Created domain + interaction features (anti-leakage: using pm25_lag_1h)
2026-05-02 07:54:13.504 | INFO     | src.features.builder:build_features:108 - Dropped 168 warmup rows with NaN
2026-05-02 07:54:13.504 | INFO     | src.features.builder:build_features:113 - ============================================================
2026-05-02 07:54:13.504 | INFO     | src.features.builder:build_features:114 - Feature Engineering Complete: 5 → 119 columns, 7,743 → 7,575 rows
2026-05-02 07:54:13.504 | INFO     | src.features.builder:build_features:117 - ============================================================
[DATA] Final: 7,575 rows × 120 cols

======================================================================
[v8] Retraining: DL
======================================================================

======================================================================
[DL] GRU & LSTM v2+log (MPS)
======================================================================
  Device: mps

  ── Horizon 1h ──

    Training GRU_v2_log...
      Epoch 20: train=0.071517, val=0.113775
      Early stop at epoch 23 (val_loss=0.118859)
2026-05-02 07:56:40.000 | WARNING  | src.evaluation.metrics:mase:71 - MASE: naive MAE is near zero, returning inf
2026-05-02 07:56:40.001 | INFO     | src.evaluation.metrics:evaluate_forecast:198 -   GRU_v2_log (h=1): MAE=2.6105, RMSE=5.1845, MASE=inf ❌
2026-05-02 07:56:40.001 | INFO     | src.evaluation.metrics:evaluate_forecast_full:362 -     GRU_v2_log @ 25.0µg/m³: P=0.750 R=0.125 F1=0.214 Brier=0.0320 AUC=0.929 (n=24)
2026-05-02 07:56:40.001 | INFO     | src.evaluation.metrics:evaluate_forecast_full:362 -     GRU_v2_log @ 35.0µg/m³: P=0.000 R=0.000 F1=0.000 Brier=0.0102 AUC=0.910 (n=7)
2026-05-02 07:56:40.001 | INFO     | src.evaluation.metrics:evaluate_forecast_full:362 -     GRU_v2_log @ 50.0µg/m³: P=0.000 R=0.000 F1=0.000 Brier=0.0015 AUC=0.507 (n=1)
      GRU_v2_log: MAE=2.6105, MASE=inf (145.7s)

    Training LSTM_v2_log...
      Epoch 20: train=0.075718, val=0.129344
      Early stop at epoch 39 (val_loss=0.121354)
2026-05-02 07:57:22.809 | WARNING  | src.evaluation.metrics:mase:71 - MASE: naive MAE is near zero, returning inf
2026-05-02 07:57:22.809 | INFO     | src.evaluation.metrics:evaluate_forecast:198 -   LSTM_v2_log (h=1): MAE=2.6878, RMSE=5.2096, MASE=inf ❌
2026-05-02 07:57:22.810 | INFO     | src.evaluation.metrics:evaluate_forecast_full:362 -     LSTM_v2_log @ 25.0µg/m³: P=0.667 R=0.083 F1=0.148 Brier=0.0334 AUC=0.926 (n=24)
2026-05-02 07:57:22.810 | INFO     | src.evaluation.metrics:evaluate_forecast_full:362 -     LSTM_v2_log @ 35.0µg/m³: P=0.000 R=0.000 F1=0.000 Brier=0.0102 AUC=0.917 (n=7)
2026-05-02 07:57:22.810 | INFO     | src.evaluation.metrics:evaluate_forecast_full:362 -     LSTM_v2_log @ 50.0µg/m³: P=0.000 R=0.000 F1=0.000 Brier=0.0015 AUC=0.603 (n=1)
      LSTM_v2_log: MAE=2.6878, MASE=inf (42.8s)

  ── Horizon 6h ──

    Training GRU_v2_log...
      Early stop at epoch 20 (val_loss=0.292775)
2026-05-02 07:59:30.072 | INFO     | src.evaluation.metrics:evaluate_forecast:198 -   GRU_v2_log (h=6): MAE=4.1408, RMSE=7.1581, MASE=0.7371 ✅
2026-05-02 07:59:30.073 | INFO     | src.evaluation.metrics:evaluate_forecast_full:362 -     GRU_v2_log @ 25.0µg/m³: P=0.000 R=0.000 F1=0.000 Brier=0.0349 AUC=0.684 (n=24)
2026-05-02 07:59:30.073 | INFO     | src.evaluation.metrics:evaluate_forecast_full:362 -     GRU_v2_log @ 35.0µg/m³: P=0.000 R=0.000 F1=0.000 Brier=0.0102 AUC=0.563 (n=7)
2026-05-02 07:59:30.073 | INFO     | src.evaluation.metrics:evaluate_forecast_full:362 -     GRU_v2_log @ 50.0µg/m³: P=0.000 R=0.000 F1=0.000 Brier=0.0015 AUC=0.152 (n=1)
      GRU_v2_log: MAE=4.1408, MASE=0.7371 (127.3s)

    Training LSTM_v2_log...
      Early stop at epoch 17 (val_loss=0.316084)
2026-05-02 07:59:48.995 | INFO     | src.evaluation.metrics:evaluate_forecast:198 -   LSTM_v2_log (h=6): MAE=4.3608, RMSE=7.3108, MASE=0.7762 ✅
2026-05-02 07:59:48.996 | INFO     | src.evaluation.metrics:evaluate_forecast_full:362 -     LSTM_v2_log @ 25.0µg/m³: P=0.000 R=0.000 F1=0.000 Brier=0.0349 AUC=0.649 (n=24)
2026-05-02 07:59:48.996 | INFO     | src.evaluation.metrics:evaluate_forecast_full:362 -     LSTM_v2_log @ 35.0µg/m³: P=0.000 R=0.000 F1=0.000 Brier=0.0102 AUC=0.453 (n=7)
2026-05-02 07:59:48.996 | INFO     | src.evaluation.metrics:evaluate_forecast_full:362 -     LSTM_v2_log @ 50.0µg/m³: P=0.000 R=0.000 F1=0.000 Brier=0.0015 AUC=0.096 (n=1)
      LSTM_v2_log: MAE=4.3608, MASE=0.7762 (18.9s)

  ── Horizon 24h ──

    Training GRU_v2_log...
      Early stop at epoch 11 (val_loss=1.163625)
2026-05-02 08:00:59.814 | INFO     | src.evaluation.metrics:evaluate_forecast:198 -   GRU_v2_log (h=24): MAE=4.6332, RMSE=7.4483, MASE=0.769 ✅
2026-05-02 08:00:59.814 | INFO     | src.evaluation.metrics:evaluate_forecast_full:362 -     GRU_v2_log @ 25.0µg/m³: P=0.000 R=0.000 F1=0.000 Brier=0.0350 AUC=0.610 (n=24)
2026-05-02 08:00:59.814 | INFO     | src.evaluation.metrics:evaluate_forecast_full:362 -     GRU_v2_log @ 35.0µg/m³: P=0.000 R=0.000 F1=0.000 Brier=0.0102 AUC=0.649 (n=7)
2026-05-02 08:00:59.814 | INFO     | src.evaluation.metrics:evaluate_forecast_full:362 -     GRU_v2_log @ 50.0µg/m³: P=0.000 R=0.000 F1=0.000 Brier=0.0015 AUC=0.456 (n=1)
      GRU_v2_log: MAE=4.6332, MASE=0.769 (70.8s)

    Training LSTM_v2_log...
      Early stop at epoch 14 (val_loss=0.425747)
2026-05-02 08:01:15.640 | INFO     | src.evaluation.metrics:evaluate_forecast:198 -   LSTM_v2_log (h=24): MAE=4.4813, RMSE=7.2474, MASE=0.7437 ✅
2026-05-02 08:01:15.640 | INFO     | src.evaluation.metrics:evaluate_forecast_full:362 -     LSTM_v2_log @ 25.0µg/m³: P=0.000 R=0.000 F1=0.000 Brier=0.0350 AUC=0.625 (n=24)
2026-05-02 08:01:15.640 | INFO     | src.evaluation.metrics:evaluate_forecast_full:362 -     LSTM_v2_log @ 35.0µg/m³: P=0.000 R=0.000 F1=0.000 Brier=0.0102 AUC=0.591 (n=7)
2026-05-02 08:01:15.640 | INFO     | src.evaluation.metrics:evaluate_forecast_full:362 -     LSTM_v2_log @ 50.0µg/m³: P=0.000 R=0.000 F1=0.000 Brier=0.0015 AUC=0.409 (n=1)
      LSTM_v2_log: MAE=4.4813, MASE=0.7437 (15.8s)
  → Saved: /Users/trihx/Desktop/time-series-forecasting/research/experiments/v8_final/dl_20260502_075412.json
  → Saved: /Users/trihx/Desktop/time-series-forecasting/research/experiments/v8_final/dl_preds_20260502_075412.json
[v8] ✅ DL saved.
