======================================================================
v8 DATA REBUILD — KNN Past-Only Fix
Timestamp: 20260502_073614
======================================================================
[OLD] Shape: (6689, 119)
[OLD] PM2.5: mean=12.8856, std=9.1778

[STEP 1/4] Loading raw data...
2026-05-02 07:36:16.003 | DEBUG    | src.utils.path_validator:validate_path:33 - Path validated: /Users/trihx/Desktop/time-series-forecasting/dataset/raw/final_dataset.csv
2026-05-02 07:36:16.003 | INFO     | src.data.loader:load_raw_data:46 - Loading data from final_dataset.csv
2026-05-02 07:36:16.120 | WARNING  | src.data.loader:load_raw_data:60 - Dropped 3 rows with missing datetime (NaT)
2026-05-02 07:36:16.138 | INFO     | src.data.loader:load_raw_data:67 - Loaded: 209,591 rows, 6 cols | Date range: 2022-03-16 15:51:31 → 2025-05-11 15:02:32
2026-05-02 07:36:16.139 | DEBUG    | src.data.loader:load_raw_data:71 - Memory: 10.1 MB | Dtypes: {'nhiet_do': dtype('float64'), 'do_am': dtype('float64'), 'diem_suong': dtype('float64'), 'co2': dtype('float64'), 'pm25': dtype('float64'), 'ngay_tao': dtype('<M8[us]')}
  Raw: (209591, 6)
[STEP 2/4] Cleaning...
2026-05-02 07:36:16.163 | INFO     | src.data.cleaner:_remove_duplicates:104 - [1/7] No exact duplicates found
2026-05-02 07:36:16.168 | INFO     | src.data.cleaner:_set_datetime_index:119 - [2/7] Datetime index set: 2022-03-16 15:51:31 → 2025-05-11 15:02:32
2026-05-02 07:36:16.170 | INFO     | src.data.cleaner:_clip_physical_bounds:140 - [3/7] All values within physical bounds
2026-05-02 07:36:16.172 | DEBUG    | src.data.cleaner:_handle_outliers:204 -   nhiet_do: 2 outliers → NaN (range: [15.0, 43.0])
2026-05-02 07:36:16.177 | DEBUG    | src.data.cleaner:_handle_outliers:204 -   diem_suong: 13989 outliers → NaN (range: [22.0, 29.0])
2026-05-02 07:36:16.181 | DEBUG    | src.data.cleaner:_handle_outliers:204 -   co2: 7437 outliers → NaN (range: [-616.0, 1386.0])
2026-05-02 07:36:16.181 | DEBUG    | src.data.cleaner:_handle_outliers:185 -   pm25: using DOMAIN bounds [0.0, 500.0] (fat-tailed, WHO AQI)
2026-05-02 07:36:16.182 | INFO     | src.data.cleaner:_handle_outliers:208 - [4/7] Replaced 21428 outliers with NaN (method=iqr, threshold=3.0, PM2.5=domain)
2026-05-02 07:36:16.192 | INFO     | src.data.cleaner:_resample:221 - [5/7] Resampled: 209,591 → 27,649 rows (freq=1h)
  Cleaned: (27649, 5)
  NaN before impute: 102959
[STEP 3/4] Imputing (hybrid, KNN past-only)...
  [Imputer] Strategy: hybrid
  [Imputer] Input: 27,649 rows, 20,466 missing PM2.5
    [D-Hybrid] Phase 1: Cubic Spline for gaps ≤6h
    [D-Hybrid]   After Spline: 20,396 NaN remaining
    [D-Hybrid] Phase 2: KNN for 47 medium gaps (586h)
      [KNN]   Gap at 2-16: skipped (only 2 past donors, need 5)
      [KNN] Filled 571 values via KNN (past-only, 1 gaps skipped)
    [D-Hybrid] Phase 3: Dropping 19,825 rows with gaps >24h
  [Imputer] Output: 7,743 rows (7,112 real + 631 imputed)
  [Imputer] Dropped 19,825 rows with unfillable gaps
  [Imputer] Imputed ratio: 8.1%
2026-05-02 07:36:16.594 | INFO     | src.data.imputer:impute_missing_data:110 - Imputation [hybrid]: 7,743 rows (7,112 real + 631 imputed, 19,825 dropped)
  Imputed: {'total': 7743, 'real': 7112, 'imputed': 631, 'imputed_pct': 8.1}
[STEP 4/4] Building features...
2026-05-02 07:36:16.594 | INFO     | src.features.builder:build_features:64 - ============================================================
2026-05-02 07:36:16.594 | INFO     | src.features.builder:build_features:65 - Feature Engineering Pipeline Started
2026-05-02 07:36:16.594 | INFO     | src.features.builder:build_features:66 - ============================================================
2026-05-02 07:36:16.600 | INFO     | src.features.calendar:create_calendar_features:51 - Created 13 calendar features
2026-05-02 07:36:16.602 | INFO     | src.features.fourier:create_fourier_features:63 - Created 12 Fourier features (order=3, daily=True, weekly=True)
2026-05-02 07:36:16.611 | INFO     | src.features.temporal:create_lag_features:51 - Created 40 lag features (lags=[1, 2, 3, 6, 12, 24, 48, 168])
2026-05-02 07:36:16.623 | INFO     | src.features.temporal:create_rolling_features:107 - Created 30 rolling features (windows=[3, 6, 12, 24, 48, 168], funcs=['mean', 'std', 'min', 'max', 'range'])
2026-05-02 07:36:16.627 | INFO     | src.features.temporal:create_ewm_features:140 - Created 6 EWM features (spans=[12, 24, 48])
2026-05-02 07:36:16.630 | INFO     | src.features.temporal:create_diff_features:176 - Created 4 diff/pct_change features (shift(1) anti-leakage)
2026-05-02 07:36:16.634 | INFO     | src.features.builder:_create_domain_features:180 - Created domain + interaction features (anti-leakage: using pm25_lag_1h)
2026-05-02 07:36:16.637 | INFO     | src.features.builder:build_features:108 - Dropped 168 warmup rows with NaN
2026-05-02 07:36:16.637 | INFO     | src.features.builder:build_features:113 - ============================================================
2026-05-02 07:36:16.637 | INFO     | src.features.builder:build_features:114 - Feature Engineering Complete: 5 → 119 columns, 7,743 → 7,575 rows
2026-05-02 07:36:16.637 | INFO     | src.features.builder:build_features:117 - ============================================================
  Features: (7575, 120)

[BACKUP] Old data saved to: marts_features_pre_v8_20260502_073614.csv
[SAVE] New data saved to: /Users/trihx/Desktop/time-series-forecasting/dataset/processed/marts_features.csv

======================================================================
✅ DATA REBUILD COMPLETE — 3s
   Rows: 7,575 | Cols: 120
   PM2.5 mean: 13.8076 (old: 12.8856)
   Δ mean: 0.922
   Report: /Users/trihx/Desktop/time-series-forecasting/research/experiments/v8_final/data_rebuild_20260502_073614.json
======================================================================
