======================================================================
v9 SKLEARN SUITE RETRAIN — Segment-Aware
Timestamp: 20260502_084200
======================================================================

======================================================================
[ML] Sklearn Suite - 30m Dataset
======================================================================

  ── Horizon 1h (2 steps) ──
2026-05-02 08:42:02.534 | INFO     | src.evaluation.metrics:evaluate_forecast:198 -   RandomForest_v9 (h=1): MAE=3.2052, RMSE=4.8586, MASE=1.0518 ❌
2026-05-02 08:42:02.535 | INFO     | src.evaluation.metrics:evaluate_forecast_full:362 -     RandomForest_v9 @ 25.0µg/m³: P=0.000 R=0.000 F1=0.000 Brier=0.0260 AUC=0.738 (n=19)
2026-05-02 08:42:02.535 | INFO     | src.evaluation.metrics:evaluate_forecast_full:362 -     RandomForest_v9 @ 35.0µg/m³: P=0.000 R=0.000 F1=0.000 Brier=0.0083 AUC=0.751 (n=7)
2026-05-02 08:42:02.535 | WARNING  | src.evaluation.metrics:classification_metrics:236 - No samples exceed threshold 50.0 µg/m³
    RandomForest_v9: MAE=3.2052, MASE=1.0518 (2.3s)
2026-05-02 08:42:23.669 | INFO     | src.evaluation.metrics:evaluate_forecast:198 -   GradientBoosting_v9 (h=1): MAE=3.3267, RMSE=4.9734, MASE=1.0916 ❌
2026-05-02 08:42:23.670 | INFO     | src.evaluation.metrics:evaluate_forecast_full:362 -     GradientBoosting_v9 @ 25.0µg/m³: P=0.125 R=0.053 F1=0.074 Brier=0.0296 AUC=0.720 (n=19)
2026-05-02 08:42:23.670 | INFO     | src.evaluation.metrics:evaluate_forecast_full:362 -     GradientBoosting_v9 @ 35.0µg/m³: P=0.000 R=0.000 F1=0.000 Brier=0.0083 AUC=0.733 (n=7)
2026-05-02 08:42:23.670 | WARNING  | src.evaluation.metrics:classification_metrics:236 - No samples exceed threshold 50.0 µg/m³
    GradientBoosting_v9: MAE=3.3267, MASE=1.0916 (21.1s)
2026-05-02 08:42:23.696 | INFO     | src.evaluation.metrics:evaluate_forecast:198 -   ElasticNet_v9 (h=1): MAE=3.0966, RMSE=4.6236, MASE=1.0161 ❌
2026-05-02 08:42:23.696 | INFO     | src.evaluation.metrics:evaluate_forecast_full:362 -     ElasticNet_v9 @ 25.0µg/m³: P=0.800 R=0.210 F1=0.333 Brier=0.0189 AUC=0.753 (n=19)
2026-05-02 08:42:23.696 | INFO     | src.evaluation.metrics:evaluate_forecast_full:362 -     ElasticNet_v9 @ 35.0µg/m³: P=0.000 R=0.000 F1=0.000 Brier=0.0083 AUC=0.747 (n=7)
2026-05-02 08:42:23.696 | WARNING  | src.evaluation.metrics:classification_metrics:236 - No samples exceed threshold 50.0 µg/m³
    ElasticNet_v9: MAE=3.0966, MASE=1.0161 (0.0s)
2026-05-02 08:42:31.779 | INFO     | src.evaluation.metrics:evaluate_forecast:198 -   VotingEnsemble_v9 (h=1): MAE=3.141, RMSE=4.843, MASE=1.0307 ❌
2026-05-02 08:42:31.780 | INFO     | src.evaluation.metrics:evaluate_forecast_full:362 -     VotingEnsemble_v9 @ 25.0µg/m³: P=0.167 R=0.053 F1=0.080 Brier=0.0272 AUC=0.720 (n=19)
2026-05-02 08:42:31.780 | INFO     | src.evaluation.metrics:evaluate_forecast_full:362 -     VotingEnsemble_v9 @ 35.0µg/m³: P=0.000 R=0.000 F1=0.000 Brier=0.0083 AUC=0.730 (n=7)
2026-05-02 08:42:31.780 | WARNING  | src.evaluation.metrics:classification_metrics:236 - No samples exceed threshold 50.0 µg/m³
    VotingEnsemble_v9: MAE=3.141, MASE=1.0307 (8.1s)
2026-05-02 08:42:47.227 | INFO     | src.evaluation.metrics:evaluate_forecast:198 -   Stacking_v9 (h=1): MAE=3.3387, RMSE=5.0988, MASE=1.0956 ❌
2026-05-02 08:42:47.227 | INFO     | src.evaluation.metrics:evaluate_forecast_full:362 -     Stacking_v9 @ 25.0µg/m³: P=0.125 R=0.053 F1=0.074 Brier=0.0296 AUC=0.715 (n=19)
2026-05-02 08:42:47.227 | INFO     | src.evaluation.metrics:evaluate_forecast_full:362 -     Stacking_v9 @ 35.0µg/m³: P=0.000 R=0.000 F1=0.000 Brier=0.0083 AUC=0.734 (n=7)
2026-05-02 08:42:47.227 | WARNING  | src.evaluation.metrics:classification_metrics:236 - No samples exceed threshold 50.0 µg/m³
    Stacking_v9: MAE=3.3387, MASE=1.0956 (15.4s)

  ── Horizon 6h (12 steps) ──
2026-05-02 08:42:49.568 | INFO     | src.evaluation.metrics:evaluate_forecast:198 -   RandomForest_v9 (h=6): MAE=4.0434, RMSE=5.8278, MASE=0.7145 ✅
2026-05-02 08:42:49.568 | INFO     | src.evaluation.metrics:evaluate_forecast_full:362 -     RandomForest_v9 @ 25.0µg/m³: P=0.000 R=0.000 F1=0.000 Brier=0.0226 AUC=0.530 (n=19)
2026-05-02 08:42:49.568 | INFO     | src.evaluation.metrics:evaluate_forecast_full:362 -     RandomForest_v9 @ 35.0µg/m³: P=0.000 R=0.000 F1=0.000 Brier=0.0083 AUC=0.495 (n=7)
2026-05-02 08:42:49.568 | WARNING  | src.evaluation.metrics:classification_metrics:236 - No samples exceed threshold 50.0 µg/m³
    RandomForest_v9: MAE=4.0434, MASE=0.7145 (2.3s)
2026-05-02 08:43:10.229 | INFO     | src.evaluation.metrics:evaluate_forecast:198 -   GradientBoosting_v9 (h=6): MAE=4.2273, RMSE=5.9179, MASE=0.747 ✅
2026-05-02 08:43:10.229 | INFO     | src.evaluation.metrics:evaluate_forecast_full:362 -     GradientBoosting_v9 @ 25.0µg/m³: P=0.000 R=0.000 F1=0.000 Brier=0.0285 AUC=0.652 (n=19)
2026-05-02 08:43:10.229 | INFO     | src.evaluation.metrics:evaluate_forecast_full:362 -     GradientBoosting_v9 @ 35.0µg/m³: P=0.000 R=0.000 F1=0.000 Brier=0.0083 AUC=0.653 (n=7)
2026-05-02 08:43:10.229 | WARNING  | src.evaluation.metrics:classification_metrics:236 - No samples exceed threshold 50.0 µg/m³
    GradientBoosting_v9: MAE=4.2273, MASE=0.747 (20.7s)
2026-05-02 08:43:10.254 | INFO     | src.evaluation.metrics:evaluate_forecast:198 -   ElasticNet_v9 (h=6): MAE=4.119, RMSE=5.7153, MASE=0.7279 ✅
2026-05-02 08:43:10.254 | INFO     | src.evaluation.metrics:evaluate_forecast_full:362 -     ElasticNet_v9 @ 25.0µg/m³: P=0.000 R=0.000 F1=0.000 Brier=0.0226 AUC=0.516 (n=19)
2026-05-02 08:43:10.255 | INFO     | src.evaluation.metrics:evaluate_forecast_full:362 -     ElasticNet_v9 @ 35.0µg/m³: P=0.000 R=0.000 F1=0.000 Brier=0.0083 AUC=0.514 (n=7)
2026-05-02 08:43:10.255 | WARNING  | src.evaluation.metrics:classification_metrics:236 - No samples exceed threshold 50.0 µg/m³
    ElasticNet_v9: MAE=4.119, MASE=0.7279 (0.0s)
2026-05-02 08:43:18.116 | INFO     | src.evaluation.metrics:evaluate_forecast:198 -   VotingEnsemble_v9 (h=6): MAE=4.095, RMSE=5.8111, MASE=0.7236 ✅
2026-05-02 08:43:18.116 | INFO     | src.evaluation.metrics:evaluate_forecast_full:362 -     VotingEnsemble_v9 @ 25.0µg/m³: P=0.000 R=0.000 F1=0.000 Brier=0.0226 AUC=0.612 (n=19)
2026-05-02 08:43:18.117 | INFO     | src.evaluation.metrics:evaluate_forecast_full:362 -     VotingEnsemble_v9 @ 35.0µg/m³: P=0.000 R=0.000 F1=0.000 Brier=0.0083 AUC=0.617 (n=7)
2026-05-02 08:43:18.117 | WARNING  | src.evaluation.metrics:classification_metrics:236 - No samples exceed threshold 50.0 µg/m³
    VotingEnsemble_v9: MAE=4.095, MASE=0.7236 (7.9s)
2026-05-02 08:43:32.396 | INFO     | src.evaluation.metrics:evaluate_forecast:198 -   Stacking_v9 (h=6): MAE=4.3996, RMSE=6.033, MASE=0.7775 ✅
2026-05-02 08:43:32.396 | INFO     | src.evaluation.metrics:evaluate_forecast_full:362 -     Stacking_v9 @ 25.0µg/m³: P=0.000 R=0.000 F1=0.000 Brier=0.0238 AUC=0.619 (n=19)
2026-05-02 08:43:32.396 | INFO     | src.evaluation.metrics:evaluate_forecast_full:362 -     Stacking_v9 @ 35.0µg/m³: P=0.000 R=0.000 F1=0.000 Brier=0.0083 AUC=0.629 (n=7)
2026-05-02 08:43:32.396 | WARNING  | src.evaluation.metrics:classification_metrics:236 - No samples exceed threshold 50.0 µg/m³
    Stacking_v9: MAE=4.3996, MASE=0.7775 (14.3s)

  ── Horizon 24h (48 steps) ──
2026-05-02 08:43:34.521 | INFO     | src.evaluation.metrics:evaluate_forecast:198 -   RandomForest_v9 (h=24): MAE=4.2773, RMSE=5.3975, MASE=0.9511 ✅
2026-05-02 08:43:34.522 | INFO     | src.evaluation.metrics:evaluate_forecast_full:362 -     RandomForest_v9 @ 25.0µg/m³: P=0.000 R=0.000 F1=0.000 Brier=0.0100 AUC=0.458 (n=7)
2026-05-02 08:43:34.522 | INFO     | src.evaluation.metrics:evaluate_forecast_full:362 -     RandomForest_v9 @ 35.0µg/m³: P=0.000 R=0.000 F1=0.000 Brier=0.0025 AUC=0.330 (n=2)
2026-05-02 08:43:34.522 | WARNING  | src.evaluation.metrics:classification_metrics:236 - No samples exceed threshold 50.0 µg/m³
    RandomForest_v9: MAE=4.2773, MASE=0.9511 (2.1s)
2026-05-02 08:43:54.964 | INFO     | src.evaluation.metrics:evaluate_forecast:198 -   GradientBoosting_v9 (h=24): MAE=4.3632, RMSE=5.5631, MASE=0.9702 ✅
2026-05-02 08:43:54.964 | INFO     | src.evaluation.metrics:evaluate_forecast_full:362 -     GradientBoosting_v9 @ 25.0µg/m³: P=0.000 R=0.000 F1=0.000 Brier=0.0176 AUC=0.471 (n=7)
2026-05-02 08:43:54.965 | INFO     | src.evaluation.metrics:evaluate_forecast_full:362 -     GradientBoosting_v9 @ 35.0µg/m³: P=0.000 R=0.000 F1=0.000 Brier=0.0025 AUC=0.387 (n=2)
2026-05-02 08:43:54.965 | WARNING  | src.evaluation.metrics:classification_metrics:236 - No samples exceed threshold 50.0 µg/m³
    GradientBoosting_v9: MAE=4.3632, MASE=0.9702 (20.4s)
2026-05-02 08:43:55.000 | INFO     | src.evaluation.metrics:evaluate_forecast:198 -   ElasticNet_v9 (h=24): MAE=4.2156, RMSE=5.2687, MASE=0.9374 ✅
2026-05-02 08:43:55.001 | INFO     | src.evaluation.metrics:evaluate_forecast_full:362 -     ElasticNet_v9 @ 25.0µg/m³: P=0.000 R=0.000 F1=0.000 Brier=0.0088 AUC=0.523 (n=7)
2026-05-02 08:43:55.001 | INFO     | src.evaluation.metrics:evaluate_forecast_full:362 -     ElasticNet_v9 @ 35.0µg/m³: P=0.000 R=0.000 F1=0.000 Brier=0.0025 AUC=0.369 (n=2)
2026-05-02 08:43:55.001 | WARNING  | src.evaluation.metrics:classification_metrics:236 - No samples exceed threshold 50.0 µg/m³
    ElasticNet_v9: MAE=4.2156, MASE=0.9374 (0.0s)
2026-05-02 08:44:03.706 | INFO     | src.evaluation.metrics:evaluate_forecast:198 -   VotingEnsemble_v9 (h=24): MAE=4.2891, RMSE=5.4404, MASE=0.9537 ✅
2026-05-02 08:44:03.706 | INFO     | src.evaluation.metrics:evaluate_forecast_full:362 -     VotingEnsemble_v9 @ 25.0µg/m³: P=0.000 R=0.000 F1=0.000 Brier=0.0138 AUC=0.496 (n=7)
2026-05-02 08:44:03.707 | INFO     | src.evaluation.metrics:evaluate_forecast_full:362 -     VotingEnsemble_v9 @ 35.0µg/m³: P=0.000 R=0.000 F1=0.000 Brier=0.0025 AUC=0.398 (n=2)
2026-05-02 08:44:03.707 | WARNING  | src.evaluation.metrics:classification_metrics:236 - No samples exceed threshold 50.0 µg/m³
    VotingEnsemble_v9: MAE=4.2891, MASE=0.9537 (8.7s)
2026-05-02 08:44:16.981 | INFO     | src.evaluation.metrics:evaluate_forecast:198 -   Stacking_v9 (h=24): MAE=4.5866, RMSE=5.6344, MASE=1.0199 ❌
2026-05-02 08:44:16.981 | INFO     | src.evaluation.metrics:evaluate_forecast_full:362 -     Stacking_v9 @ 25.0µg/m³: P=0.000 R=0.000 F1=0.000 Brier=0.0100 AUC=0.490 (n=7)
2026-05-02 08:44:16.981 | INFO     | src.evaluation.metrics:evaluate_forecast_full:362 -     Stacking_v9 @ 35.0µg/m³: P=0.000 R=0.000 F1=0.000 Brier=0.0025 AUC=0.394 (n=2)
2026-05-02 08:44:16.981 | WARNING  | src.evaluation.metrics:classification_metrics:236 - No samples exceed threshold 50.0 µg/m³
    Stacking_v9: MAE=4.5866, MASE=1.0199 (13.3s)

[v9] ✅ Sklearn Suite (30m) saved.

======================================================================
[ML] Sklearn Suite - 15m Dataset
======================================================================

  ── Horizon 1h (4 steps) ──
2026-05-02 08:44:22.199 | INFO     | src.evaluation.metrics:evaluate_forecast:198 -   RandomForest_v9 (h=1): MAE=2.7418, RMSE=4.3881, MASE=1.033 ❌
2026-05-02 08:44:22.199 | INFO     | src.evaluation.metrics:evaluate_forecast_full:362 -     RandomForest_v9 @ 25.0µg/m³: P=0.000 R=0.000 F1=0.000 Brier=0.0121 AUC=0.724 (n=21)
2026-05-02 08:44:22.200 | INFO     | src.evaluation.metrics:evaluate_forecast_full:362 -     RandomForest_v9 @ 35.0µg/m³: P=0.000 R=0.000 F1=0.000 Brier=0.0033 AUC=0.917 (n=6)
2026-05-02 08:44:22.200 | INFO     | src.evaluation.metrics:evaluate_forecast_full:362 -     RandomForest_v9 @ 50.0µg/m³: P=0.000 R=0.000 F1=0.000 Brier=0.0005 AUC=0.837 (n=1)
    RandomForest_v9: MAE=2.7418, MASE=1.033 (5.0s)
2026-05-02 08:45:06.698 | INFO     | src.evaluation.metrics:evaluate_forecast:198 -   GradientBoosting_v9 (h=1): MAE=2.9284, RMSE=4.5832, MASE=1.1033 ❌
2026-05-02 08:45:06.699 | INFO     | src.evaluation.metrics:evaluate_forecast_full:362 -     GradientBoosting_v9 @ 25.0µg/m³: P=0.000 R=0.000 F1=0.000 Brier=0.0126 AUC=0.702 (n=21)
2026-05-02 08:45:06.699 | INFO     | src.evaluation.metrics:evaluate_forecast_full:362 -     GradientBoosting_v9 @ 35.0µg/m³: P=0.000 R=0.000 F1=0.000 Brier=0.0033 AUC=0.890 (n=6)
2026-05-02 08:45:06.699 | INFO     | src.evaluation.metrics:evaluate_forecast_full:362 -     GradientBoosting_v9 @ 50.0µg/m³: P=0.000 R=0.000 F1=0.000 Brier=0.0005 AUC=0.653 (n=1)
    GradientBoosting_v9: MAE=2.9284, MASE=1.1033 (44.5s)
2026-05-02 08:45:06.769 | INFO     | src.evaluation.metrics:evaluate_forecast:198 -   ElasticNet_v9 (h=1): MAE=2.9087, RMSE=4.4081, MASE=1.0959 ❌
2026-05-02 08:45:06.770 | INFO     | src.evaluation.metrics:evaluate_forecast_full:362 -     ElasticNet_v9 @ 25.0µg/m³: P=0.000 R=0.000 F1=0.000 Brier=0.0121 AUC=0.723 (n=21)
2026-05-02 08:45:06.770 | INFO     | src.evaluation.metrics:evaluate_forecast_full:362 -     ElasticNet_v9 @ 35.0µg/m³: P=0.000 R=0.000 F1=0.000 Brier=0.0033 AUC=0.901 (n=6)
2026-05-02 08:45:06.770 | INFO     | src.evaluation.metrics:evaluate_forecast_full:362 -     ElasticNet_v9 @ 50.0µg/m³: P=0.000 R=0.000 F1=0.000 Brier=0.0005 AUC=0.865 (n=1)
    ElasticNet_v9: MAE=2.9087, MASE=1.0959 (0.1s)
2026-05-02 08:45:23.795 | INFO     | src.evaluation.metrics:evaluate_forecast:198 -   VotingEnsemble_v9 (h=1): MAE=2.7902, RMSE=4.4275, MASE=1.0513 ❌
2026-05-02 08:45:23.796 | INFO     | src.evaluation.metrics:evaluate_forecast_full:362 -     VotingEnsemble_v9 @ 25.0µg/m³: P=0.000 R=0.000 F1=0.000 Brier=0.0115 AUC=0.706 (n=21)
2026-05-02 08:45:23.796 | INFO     | src.evaluation.metrics:evaluate_forecast_full:362 -     VotingEnsemble_v9 @ 35.0µg/m³: P=0.000 R=0.000 F1=0.000 Brier=0.0033 AUC=0.907 (n=6)
2026-05-02 08:45:23.796 | INFO     | src.evaluation.metrics:evaluate_forecast_full:362 -     VotingEnsemble_v9 @ 50.0µg/m³: P=0.000 R=0.000 F1=0.000 Brier=0.0005 AUC=0.791 (n=1)
    VotingEnsemble_v9: MAE=2.7902, MASE=1.0513 (17.0s)
2026-05-02 08:45:52.533 | INFO     | src.evaluation.metrics:evaluate_forecast:198 -   Stacking_v9 (h=1): MAE=2.7653, RMSE=4.5052, MASE=1.0419 ❌
2026-05-02 08:45:52.534 | INFO     | src.evaluation.metrics:evaluate_forecast_full:362 -     Stacking_v9 @ 25.0µg/m³: P=0.000 R=0.000 F1=0.000 Brier=0.0154 AUC=0.716 (n=21)
2026-05-02 08:45:52.534 | INFO     | src.evaluation.metrics:evaluate_forecast_full:362 -     Stacking_v9 @ 35.0µg/m³: P=0.000 R=0.000 F1=0.000 Brier=0.0033 AUC=0.913 (n=6)
2026-05-02 08:45:52.535 | INFO     | src.evaluation.metrics:evaluate_forecast_full:362 -     Stacking_v9 @ 50.0µg/m³: P=0.000 R=0.000 F1=0.000 Brier=0.0005 AUC=0.826 (n=1)
    Stacking_v9: MAE=2.7653, MASE=1.0419 (28.7s)

  ── Horizon 6h (24 steps) ──
2026-05-02 08:45:57.688 | INFO     | src.evaluation.metrics:evaluate_forecast:198 -   RandomForest_v9 (h=6): MAE=3.8136, RMSE=5.3975, MASE=0.8156 ✅
2026-05-02 08:45:57.688 | INFO     | src.evaluation.metrics:evaluate_forecast_full:362 -     RandomForest_v9 @ 25.0µg/m³: P=0.000 R=0.000 F1=0.000 Brier=0.0113 AUC=0.499 (n=20)
2026-05-02 08:45:57.688 | INFO     | src.evaluation.metrics:evaluate_forecast_full:362 -     RandomForest_v9 @ 35.0µg/m³: P=0.000 R=0.000 F1=0.000 Brier=0.0028 AUC=0.651 (n=5)
2026-05-02 08:45:57.689 | INFO     | src.evaluation.metrics:evaluate_forecast_full:362 -     RandomForest_v9 @ 50.0µg/m³: P=0.000 R=0.000 F1=0.000 Brier=0.0011 AUC=0.371 (n=2)
    RandomForest_v9: MAE=3.8136, MASE=0.8156 (5.1s)
2026-05-02 08:46:41.521 | INFO     | src.evaluation.metrics:evaluate_forecast:198 -   GradientBoosting_v9 (h=6): MAE=3.99, RMSE=5.5655, MASE=0.8533 ✅
2026-05-02 08:46:41.522 | INFO     | src.evaluation.metrics:evaluate_forecast_full:362 -     GradientBoosting_v9 @ 25.0µg/m³: P=0.000 R=0.000 F1=0.000 Brier=0.0113 AUC=0.433 (n=20)
2026-05-02 08:46:41.522 | INFO     | src.evaluation.metrics:evaluate_forecast_full:362 -     GradientBoosting_v9 @ 35.0µg/m³: P=0.000 R=0.000 F1=0.000 Brier=0.0028 AUC=0.659 (n=5)
2026-05-02 08:46:41.523 | INFO     | src.evaluation.metrics:evaluate_forecast_full:362 -     GradientBoosting_v9 @ 50.0µg/m³: P=0.000 R=0.000 F1=0.000 Brier=0.0011 AUC=0.404 (n=2)
    GradientBoosting_v9: MAE=3.99, MASE=0.8533 (43.8s)
2026-05-02 08:46:41.585 | INFO     | src.evaluation.metrics:evaluate_forecast:198 -   ElasticNet_v9 (h=6): MAE=3.9335, RMSE=5.3358, MASE=0.8412 ✅
2026-05-02 08:46:41.585 | INFO     | src.evaluation.metrics:evaluate_forecast_full:362 -     ElasticNet_v9 @ 25.0µg/m³: P=0.000 R=0.000 F1=0.000 Brier=0.0113 AUC=0.461 (n=20)
2026-05-02 08:46:41.585 | INFO     | src.evaluation.metrics:evaluate_forecast_full:362 -     ElasticNet_v9 @ 35.0µg/m³: P=0.000 R=0.000 F1=0.000 Brier=0.0028 AUC=0.688 (n=5)
2026-05-02 08:46:41.586 | INFO     | src.evaluation.metrics:evaluate_forecast_full:362 -     ElasticNet_v9 @ 50.0µg/m³: P=0.000 R=0.000 F1=0.000 Brier=0.0011 AUC=0.515 (n=2)
    ElasticNet_v9: MAE=3.9335, MASE=0.8412 (0.0s)
2026-05-02 08:46:58.472 | INFO     | src.evaluation.metrics:evaluate_forecast:198 -   VotingEnsemble_v9 (h=6): MAE=3.6678, RMSE=5.2652, MASE=0.7844 ✅
2026-05-02 08:46:58.472 | INFO     | src.evaluation.metrics:evaluate_forecast_full:362 -     VotingEnsemble_v9 @ 25.0µg/m³: P=0.000 R=0.000 F1=0.000 Brier=0.0113 AUC=0.471 (n=20)
2026-05-02 08:46:58.473 | INFO     | src.evaluation.metrics:evaluate_forecast_full:362 -     VotingEnsemble_v9 @ 35.0µg/m³: P=0.000 R=0.000 F1=0.000 Brier=0.0028 AUC=0.669 (n=5)
2026-05-02 08:46:58.473 | INFO     | src.evaluation.metrics:evaluate_forecast_full:362 -     VotingEnsemble_v9 @ 50.0µg/m³: P=0.000 R=0.000 F1=0.000 Brier=0.0011 AUC=0.401 (n=2)
    VotingEnsemble_v9: MAE=3.6678, MASE=0.7844 (16.9s)
2026-05-02 08:47:26.563 | INFO     | src.evaluation.metrics:evaluate_forecast:198 -   Stacking_v9 (h=6): MAE=3.7179, RMSE=5.3583, MASE=0.7951 ✅
2026-05-02 08:47:26.564 | INFO     | src.evaluation.metrics:evaluate_forecast_full:362 -     Stacking_v9 @ 25.0µg/m³: P=0.000 R=0.000 F1=0.000 Brier=0.0113 AUC=0.460 (n=20)
2026-05-02 08:47:26.564 | INFO     | src.evaluation.metrics:evaluate_forecast_full:362 -     Stacking_v9 @ 35.0µg/m³: P=0.000 R=0.000 F1=0.000 Brier=0.0028 AUC=0.660 (n=5)
2026-05-02 08:47:26.564 | INFO     | src.evaluation.metrics:evaluate_forecast_full:362 -     Stacking_v9 @ 50.0µg/m³: P=0.000 R=0.000 F1=0.000 Brier=0.0011 AUC=0.398 (n=2)
    Stacking_v9: MAE=3.7179, MASE=0.7951 (28.1s)

  ── Horizon 24h (96 steps) ──
2026-05-02 08:47:31.655 | INFO     | src.evaluation.metrics:evaluate_forecast:198 -   RandomForest_v9 (h=24): MAE=4.4347, RMSE=6.1329, MASE=1.0567 ❌
2026-05-02 08:47:31.656 | INFO     | src.evaluation.metrics:evaluate_forecast_full:362 -     RandomForest_v9 @ 25.0µg/m³: P=0.100 R=0.028 F1=0.043 Brier=0.0280 AUC=0.698 (n=36)
2026-05-02 08:47:31.656 | INFO     | src.evaluation.metrics:evaluate_forecast_full:362 -     RandomForest_v9 @ 35.0µg/m³: P=0.000 R=0.000 F1=0.000 Brier=0.0045 AUC=0.641 (n=7)
2026-05-02 08:47:31.656 | INFO     | src.evaluation.metrics:evaluate_forecast_full:362 -     RandomForest_v9 @ 50.0µg/m³: P=0.000 R=0.000 F1=0.000 Brier=0.0013 AUC=0.791 (n=2)
    RandomForest_v9: MAE=4.4347, MASE=1.0567 (5.0s)
2026-05-02 08:48:10.520 | INFO     | src.evaluation.metrics:evaluate_forecast:198 -   GradientBoosting_v9 (h=24): MAE=4.4595, RMSE=6.2354, MASE=1.0626 ❌
2026-05-02 08:48:10.520 | INFO     | src.evaluation.metrics:evaluate_forecast_full:362 -     GradientBoosting_v9 @ 25.0µg/m³: P=0.087 R=0.056 F1=0.068 Brier=0.0350 AUC=0.673 (n=36)
2026-05-02 08:48:10.520 | INFO     | src.evaluation.metrics:evaluate_forecast_full:362 -     GradientBoosting_v9 @ 35.0µg/m³: P=0.000 R=0.000 F1=0.000 Brier=0.0045 AUC=0.542 (n=7)
2026-05-02 08:48:10.521 | INFO     | src.evaluation.metrics:evaluate_forecast_full:362 -     GradientBoosting_v9 @ 50.0µg/m³: P=0.000 R=0.000 F1=0.000 Brier=0.0013 AUC=0.680 (n=2)
    GradientBoosting_v9: MAE=4.4595, MASE=1.0626 (38.9s)
2026-05-02 08:48:10.601 | INFO     | src.evaluation.metrics:evaluate_forecast:198 -   ElasticNet_v9 (h=24): MAE=4.297, RMSE=5.739, MASE=1.0238 ❌
2026-05-02 08:48:10.602 | INFO     | src.evaluation.metrics:evaluate_forecast_full:362 -     ElasticNet_v9 @ 25.0µg/m³: P=0.333 R=0.028 F1=0.051 Brier=0.0235 AUC=0.700 (n=36)
2026-05-02 08:48:10.602 | INFO     | src.evaluation.metrics:evaluate_forecast_full:362 -     ElasticNet_v9 @ 35.0µg/m³: P=0.000 R=0.000 F1=0.000 Brier=0.0045 AUC=0.614 (n=7)
2026-05-02 08:48:10.602 | INFO     | src.evaluation.metrics:evaluate_forecast_full:362 -     ElasticNet_v9 @ 50.0µg/m³: P=0.000 R=0.000 F1=0.000 Brier=0.0013 AUC=0.816 (n=2)
    ElasticNet_v9: MAE=4.297, MASE=1.0238 (0.1s)
2026-05-02 08:48:25.827 | INFO     | src.evaluation.metrics:evaluate_forecast:198 -   VotingEnsemble_v9 (h=24): MAE=4.3295, RMSE=6.0093, MASE=1.0316 ❌
2026-05-02 08:48:25.827 | INFO     | src.evaluation.metrics:evaluate_forecast_full:362 -     VotingEnsemble_v9 @ 25.0µg/m³: P=0.000 R=0.000 F1=0.000 Brier=0.0235 AUC=0.705 (n=36)
2026-05-02 08:48:25.827 | INFO     | src.evaluation.metrics:evaluate_forecast_full:362 -     VotingEnsemble_v9 @ 35.0µg/m³: P=0.000 R=0.000 F1=0.000 Brier=0.0045 AUC=0.635 (n=7)
2026-05-02 08:48:25.828 | INFO     | src.evaluation.metrics:evaluate_forecast_full:362 -     VotingEnsemble_v9 @ 50.0µg/m³: P=0.000 R=0.000 F1=0.000 Brier=0.0013 AUC=0.719 (n=2)
    VotingEnsemble_v9: MAE=4.3295, MASE=1.0316 (15.2s)
2026-05-02 08:48:50.523 | INFO     | src.evaluation.metrics:evaluate_forecast:198 -   Stacking_v9 (h=24): MAE=4.6581, RMSE=6.3171, MASE=1.1099 ❌
2026-05-02 08:48:50.524 | INFO     | src.evaluation.metrics:evaluate_forecast_full:362 -     Stacking_v9 @ 25.0µg/m³: P=0.250 R=0.056 F1=0.091 Brier=0.0254 AUC=0.709 (n=36)
2026-05-02 08:48:50.524 | INFO     | src.evaluation.metrics:evaluate_forecast_full:362 -     Stacking_v9 @ 35.0µg/m³: P=0.000 R=0.000 F1=0.000 Brier=0.0045 AUC=0.654 (n=7)
2026-05-02 08:48:50.524 | INFO     | src.evaluation.metrics:evaluate_forecast_full:362 -     Stacking_v9 @ 50.0µg/m³: P=0.000 R=0.000 F1=0.000 Brier=0.0013 AUC=0.740 (n=2)
    Stacking_v9: MAE=4.6581, MASE=1.1099 (24.7s)

[v9] ✅ Sklearn Suite (15m) saved.

✅ Total Sklearn time: 410.4s
